    LAYER
        MAXSCALEDENOM 268435456
        MINSCALEDENOM 134217728
        NAME 'Property2'
        TYPE POLYGON
        GROUP 'default'
        STATUS ON
        PROJECTION
            'init=epsg:4326'
        END
        PROCESSING 'LABEL_NO_CLIP=ON'
        PROCESSING 'CLOSE_CONNECTION=DEFER'
        DATA '../data/Property.shp'
        CLASS
            STYLE
                OUTLINECOLOR '#CC6600'
                width 4
            END
        END
    END
    LAYER
        MAXSCALEDENOM 268435456
        MINSCALEDENOM 134217728
        NAME 'coastline2'
        TYPE LINE
        GROUP 'default'
        STATUS ON
        PROJECTION
            'init=epsg:4326'
        END
        PROCESSING 'LABEL_NO_CLIP=ON'
        PROCESSING 'CLOSE_CONNECTION=DEFER'
        DATA '110m_physical/ne_110m_coastline'
        CLASS
            STYLE
                COLOR '#469FC3'
            END
        END
    END
    LAYER
        MAXSCALEDENOM 268435456
        MINSCALEDENOM 134217728
        NAME 'Geology2'
        TYPE POLYGON
        GROUP 'default'
        STATUS ON
        PROJECTION
            'init=epsg:4326'
        END
        PROCESSING 'LABEL_NO_CLIP=ON'
        PROCESSING 'CLOSE_CONNECTION=DEFER'
        DATA '../data/Geology_FLN.shp'
        CLASSITEM 'Litho'
        CLASS
            EXPRESSION 'DUL'
            STYLE
                COLOR '#99CCFF'
                OUTLINECOLOR '#000000'
                width 1
            END
        END
        CLASS
            EXPRESSION 'IF'
            STYLE
                COLOR '#FF0000'
                OUTLINECOLOR '#000000'
                width 1
            END
        END
        CLASS
            EXPRESSION 'HBG'
            STYLE
                COLOR '#00FF00'
                OUTLINECOLOR '#000000'
                width 1
            END
        END
        CLASS
            EXPRESSION 'KAT'
            STYLE
                COLOR '#FF99CC'
                OUTLINECOLOR '#000000'
                width 1
            END
        END
        CLASS
            EXPRESSION 'LIF'
            STYLE
                COLOR '#FF9900'
                OUTLINECOLOR '#000000'
                width 1
            END
        END
        CLASS
            EXPRESSION 'QMS'
            STYLE
                COLOR '#969696'
                OUTLINECOLOR '#000000'
                width 1
            END
        END
    END
    LAYER
        MAXSCALEDENOM 268435456
        MINSCALEDENOM 134217728
        Opacity 65
        NAME 'Topo2'
        TYPE LINE
        GROUP 'default'
        STATUS ON
        PROJECTION
            'init=epsg:4326'
        END
        PROCESSING 'LABEL_NO_CLIP=ON'
        PROCESSING 'CLOSE_CONNECTION=DEFER'
        DATA '../data/Lidar_Clip.shp'
        CLASS
            STYLE
                COLOR '#000000'
                width 0.3
            END
        END
    END
    LAYER
        MAXSCALEDENOM 268435456
        MINSCALEDENOM 134217728
        NAME 'Claim2'
        TEMPLATE 'test'
        TYPE POLYGON
        GROUP 'default'
        STATUS ON
        PROJECTION
            'init=epsg:4326'
        END
        PROCESSING 'LABEL_NO_CLIP=ON'
        PROCESSING 'CLOSE_CONNECTION=DEFER'
        tileindex '../data/titles.shp'
        tileitem 'LOCATION'
        LABELITEM 'TIT_NO'
        CLASS
            STYLE
                OUTLINECOLOR '#CC6600'
            END
        END
    END
